// Jest Snapshot v1, https://goo.gl/fbAQLP

exports[`init given fresh directory after init should build and test and lint 1`] = `
Array [
  "index.d.ts",
  "index.js",
  "max/",
  "max/index.d.ts",
  "max/index.js",
  "max/max.d.ts",
  "max/max.js",
  "min/",
  "min/index.d.ts",
  "min/index.js",
  "min/min.js",
  "other.d.ts",
  "other.js",
]
`;

exports[`init given fresh directory after init should output correct files 1`] = `
Array [
  ".gitignore",
  ".yarnrc",
  "babel.config.js",
  "commitlint.config.js",
  "jest.config.integration.js",
  "jest.config.js",
  "package-lock.json",
  "package.json",
  "prettier.config.js",
  "release.config.js",
  "scripts/",
  "scripts/build.js",
  "scripts/clean.js",
  "scripts/combineCoverage.js",
  "src/",
  "src/__integration-tests__/",
  "src/__tests__/",
  "src/__tests__/max.test.ts",
  "src/__tests__/min.test.js",
  "src/index.ts",
  "src/max/",
  "src/max/index.d.ts",
  "src/max/index.js",
  "src/max/max.ts",
  "src/min/",
  "src/min/index.d.ts",
  "src/min/index.js",
  "src/min/min.js",
  "src/other.d.ts",
  "src/other.js",
  "ts-deps.config.js",
  "tsconfig.declarations.json",
  "tsconfig.json",
  "tslint.json",
]
`;
